// Jest Snapshot v1, https://goo.gl/fbAQLP

exports[`Slides should render correctly and match to the Snapshot 1`] = `
<div
  className="sc-bdnylx eyzPZC"
>
  <img
    className="sc-gtssRu itOySw"
    src="image-1"
  />
  <img
    className="sc-gtssRu itOySw"
    src="image-2"
  />
</div>
`;
