// Jest Snapshot v1, https://goo.gl/fbAQLP

exports[`IconButton should render correctly and match to the Snapshot 1`] = `
<div
  className="sc-bdnylx bMWfWs"
  onClick={[Function]}
/>
`;
