// Jest Snapshot v1, https://goo.gl/fbAQLP

exports[`Slider should render correctly and match to the Snapshot 1`] = `
<div
  className="sc-jSFkmK hGelrT"
>
  <div
    className="sc-bdnylx bMWfWs"
    id="btn-back"
    onClick={[Function]}
  >
    <svg
      style={
        Object {
          "height": 24,
          "width": 24,
        }
      }
      viewBox="0 0 24 24"
    >
      <path
        d="M15.41,16.58L10.83,12L15.41,7.41L14,6L8,12L14,18L15.41,16.58Z"
        fill="currentColor"
      />
    </svg>
  </div>
  <div>
    <div
      className="sc-hKFyIo kIFwax"
    >
      <img
        className="sc-eCApGN bVoWZr"
        src="Image-1"
      />
      <img
        className="sc-eCApGN bVpKby"
        src="Image-2"
      />
    </div>
    <div
      className="sc-gtssRu dMrldS"
    >
      <div
        className="sc-dlnjPT FdIJO"
        id="Indicator-0"
        onClick={[Function]}
        selected={true}
      />
      <div
        className="sc-dlnjPT bhIUTS"
        id="Indicator-1"
        onClick={[Function]}
        selected={false}
      />
    </div>
  </div>
  <div
    className="sc-bdnylx bMWfWs"
    id="btn-next"
    onClick={[Function]}
  >
    <svg
      style={
        Object {
          "height": 24,
          "width": 24,
        }
      }
      viewBox="0 0 24 24"
    >
      <path
        d="M8.59,16.58L13.17,12L8.59,7.41L10,6L16,12L10,18L8.59,16.58Z"
        fill="currentColor"
      />
    </svg>
  </div>
</div>
`;
